// Jest Snapshot v1, https://goo.gl/fbAQLP

exports[`should render account form 1`] = `
<form
  className="ui form"
  onSubmit={[Function]}
>
  <div
    className="equal width fields"
  >
    <div
      className="required field"
    >
      <label
        htmlFor={undefined}
      >
        Name
      </label>
      <div
        className="ui input"
      >
        <input
          name="accountName"
          onChange={[Function]}
          placeholder="Account name"
          required={true}
          type="text"
          value=""
        />
      </div>
    </div>
    <div
      className="field"
    >
      <label
        htmlFor={undefined}
      >
        Type
      </label>
      <div
        aria-busy={undefined}
        aria-disabled={undefined}
        aria-expanded={false}
        aria-multiselectable={undefined}
        className="ui selection dropdown"
        onBlur={[Function]}
        onChange={[Function]}
        onClick={[Function]}
        onFocus={[Function]}
        onMouseDown={[Function]}
        required={undefined}
        role="listbox"
        tabIndex={0}
        type={undefined}
      >
        <select
          aria-hidden="true"
          multiple={undefined}
          name="accountType"
          type="hidden"
          value="cash"
        >
          <option
            value=""
          />
          <option
            value="cash"
          >
            Cash
          </option>
          <option
            value="bank"
          >
            Bank
          </option>
          <option
            value="deposit"
          >
            Deposit
          </option>
          <option
            value="credit"
          >
            Credit
          </option>
          <option
            value="asset"
          >
            Asset
          </option>
        </select>
        <div
          className="text"
        >
          Cash
        </div>
        <i
          aria-hidden="true"
          className="dropdown icon"
        />
        <div
          className="menu transition"
        >
          <div
            aria-checked={true}
            aria-disabled={undefined}
            aria-selected={true}
            className="active selected item"
            onClick={[Function]}
            role="option"
            style={
              Object {
                "pointerEvents": "all",
              }
            }
          >
            <span
              className="text"
            >
              Cash
            </span>
          </div>
          <div
            aria-checked={false}
            aria-disabled={undefined}
            aria-selected={false}
            className="item"
            onClick={[Function]}
            role="option"
            style={
              Object {
                "pointerEvents": "all",
              }
            }
          >
            <span
              className="text"
            >
              Bank
            </span>
          </div>
          <div
            aria-checked={false}
            aria-disabled={undefined}
            aria-selected={false}
            className="item"
            onClick={[Function]}
            role="option"
            style={
              Object {
                "pointerEvents": "all",
              }
            }
          >
            <span
              className="text"
            >
              Deposit
            </span>
          </div>
          <div
            aria-checked={false}
            aria-disabled={undefined}
            aria-selected={false}
            className="item"
            onClick={[Function]}
            role="option"
            style={
              Object {
                "pointerEvents": "all",
              }
            }
          >
            <span
              className="text"
            >
              Credit
            </span>
          </div>
          <div
            aria-checked={false}
            aria-disabled={undefined}
            aria-selected={false}
            className="item"
            onClick={[Function]}
            role="option"
            style={
              Object {
                "pointerEvents": "all",
              }
            }
          >
            <span
              className="text"
            >
              Asset
            </span>
          </div>
        </div>
      </div>
    </div>
  </div>
  <table
    className="ui celled very basic table"
  >
    <thead
      className=""
    >
      <tr
        className=""
      >
        <th
          className=""
          style={
            Object {
              "width": "50%",
            }
          }
        >
          Currency
        </th>
        <th
          className=""
        >
          Initial Balance
        </th>
      </tr>
    </thead>
    <tbody
      className=""
    >
      <tr
        className=""
      >
        <td
          className=""
        >
          <div
            className="ui checked checkbox"
            onChange={[Function]}
            onClick={[Function]}
            onMouseDown={[Function]}
          >
            <input
              checked={true}
              className="hidden"
              name={undefined}
              readOnly={true}
              tabIndex={0}
              type="checkbox"
              value="USD"
            />
            <label>
              US Dollar
            </label>
          </div>
        </td>
        <td
          className=""
        >
          <div
            className="ui fluid left labeled input"
          >
            <div
              className="ui label mono"
              onClick={[Function]}
            >
              USD
            </div>
            <input
              data-cleave-ignore={
                Array [
                  "",
                  Object {
                    "initValue": "",
                    "numeral": true,
                    "numeralDecimalScale": 2,
                  },
                  undefined,
                  [Function],
                  undefined,
                  undefined,
                ]
              }
              name="USD"
              onChange={[Function]}
              onKeyDown={[Function]}
              type="text"
              value=""
            />
          </div>
        </td>
      </tr>
      <tr
        className=""
      >
        <td
          className=""
        >
          <div
            className="ui checkbox"
            onChange={[Function]}
            onClick={[Function]}
            onMouseDown={[Function]}
          >
            <input
              checked={false}
              className="hidden"
              name={undefined}
              readOnly={true}
              tabIndex={0}
              type="checkbox"
              value="JPY"
            />
            <label>
              Japanese yen
            </label>
          </div>
        </td>
        <td
          className=""
        >
          <div
            className="ui fluid left labeled input"
          >
            <div
              className="ui label mono"
              onClick={[Function]}
            >
              JPY
            </div>
            <input
              data-cleave-ignore={
                Array [
                  "",
                  Object {
                    "initValue": "",
                    "numeral": true,
                    "numeralDecimalScale": 0,
                  },
                  undefined,
                  [Function],
                  undefined,
                  undefined,
                ]
              }
              name="JPY"
              onChange={[Function]}
              onKeyDown={[Function]}
              type="text"
              value=""
            />
          </div>
        </td>
      </tr>
    </tbody>
  </table>
  <div
    className="field"
  >
    <button
      className="ui button right floated"
      onClick={[Function]}
      required={undefined}
      tabIndex={undefined}
      type={undefined}
    >
      Create Account
    </button>
  </div>
</form>
`;
